보충 대상 40건
  O 화천 산천어축제 <- Hwacheon Sancheoneo Ice Festival 01 (52620586388).jpg
  - 인제 빙어축제 <- 
  - 영덕 대게축제 <- 
  - 울진 대게와 붉은대게축제 <- 
  - 광양 매화축제 <- 
  - 구례 산수유꽃축제 <- 
  O 청도 소싸움축제 <- 가수 금잔디.jpg
  O 통영 국제음악제 <- Geographer at TIMF.jpg
  - 태안 세계튤립축제 <- 
  - 고창 청보리밭축제 <- 
  - 담양 대나무축제 <- 
  - 보성 다향대축제 <- 
  O 남원 춘향제 <- Chunhyang Festival2.jpg
  - 하동 야생차문화축제 <- 
  - 여수 거북선축제 <- 
  O 대구 치맥페스티벌 <- Hyolyndeagufestival2016.jpg
  - 정남진 장흥 물축제 <- 
  - 봉화 은어축제 <- 
  O 평창 대관령음악제 <- Yeol Eum Son, 19th Music in PyeongChang, 6 July 2022, Alpensia Concert Hall.jpg
  - 강진 청자축제 <- 
  O 부산 바다축제 <- Taemin at the Busan Sea Festival 2010 02.jpg
  - 무주 반딧불축제 <- 
  O 제천 국제음악영화제 <- 걸스데이- 배우 방민아, 레드카펫 "제천국제음악영화제".webm
  O 안동 국제탈춤페스티벌 <- 2015 Andong Mask Dance Festival 16.JPG
  - 금산 인삼축제 <- 
  - 산청 한방약초축제 <- 
  - 김제 지평선축제 <- 
  - 안성 바우덕이축제 <- 
  - 영동 난계국악축제 <- 
  - 이천 쌀문화축제 <- 
  O 자라섬 재즈페스티벌 <- JazzyBIT.jpg
  - 논산 강경젓갈축제 <- 
  - 서산 해미읍성축제 <- 
  - 순천만 갈대축제 <- 
  - 광주 세계김치축제 <- 
  - 나라 와카쿠사야마 야키 <- 
  - 후지 시바자쿠라 축제 <- 
  - 아오모리 네부타 마츠리 <- 
  - 아키타 간토 마츠리 <- 
  - 야마가타 하나가사 마츠리 <- 
사진 34/64건
